// Jest Snapshot v1, https://goo.gl/fbAQLP

exports[`convertObjectToAttributeList formats object to array, given {"email":null,"address":"","number":0,"age":337} 1`] = `
Array [
  Object {
    "Name": "email",
    "Value": "",
  },
  Object {
    "Name": "phone",
    "Value": "",
  },
  Object {
    "Name": "address",
    "Value": "",
  },
  Object {
    "Name": "number",
    "Value": "0",
  },
  Object {
    "Name": "age",
    "Value": "337",
  },
]
`;
